[2026-09-23 01:05:45] UNCAUGHT EXCEPTION: Cannot access protected property App\Models\User::$db in /var/www/app/Services/Api/UserService.php on line 32
#0 [internal function]: App\Services\Api\UserService->__construct(Object(App\Core\Result), Object(App\Session\Drivers\RedisDriver), Object(App\Events\EventDispatcher), Object(App\Support\TextManager), Object(App\Models\User), Object(App\Models\Wallet))
#1 /var/www/app/Core/Container.php(301): ReflectionClass->newInstanceArgs(Array)
#2 /var/www/app/Core/Container.php(181): App\Core\Container->make('App\\Services\\Ap...')
#3 /var/www/app/Core/Container.php(117): App\Core\Container->get('App\\Services\\Ap...')
#4 /var/www/app/Core/Container.php(290): App\Core\Container->resolveParameter(Object(ReflectionParameter), Array)
#5 /var/www/app/Core/Container.php(181): App\Core\Container->make('App\\Http\\Contro...')
#6 /var/www/app/Routing/Router.php(447): App\Core\Container->get('App\\Http\\Contro...')
#7 /var/www/app/Routing/Router.php(544): App\Routing\Router->runRoute(Object(App\Routing\Route), Array, Object(App\Http\Request))
#8 /var/www/app/Core/Kernel.php(27): App\Routing\Router->dispatch(Object(App\Http\Request))
#9 /var/www/public/index.php(44): App\Core\Kernel->handle(Object(App\Http\Request))
#10 {main}
[2026-09-23 01:16:16] PHP ERROR [2]: Undefined variable $appUrl in /var/www/app/Services/Api/UserService.php on line 32
[23-Sep-2026 01:16:16 UTC] PHP Warning:  Undefined variable $appUrl in /var/www/app/Services/Api/UserService.php on line 32
[2026-09-23 01:16:16] UNCAUGHT EXCEPTION: Cannot assign null to property App\Services\Api\UserService::$baseUrl of type string in /var/www/app/Services/Api/UserService.php on line 32
#0 [internal function]: App\Services\Api\UserService->__construct(Object(App\Core\Result), Object(App\Session\Drivers\RedisDriver), Object(App\Events\EventDispatcher), Object(App\Support\TextManager), Object(App\Models\User), Object(App\Models\Wallet))
#1 /var/www/app/Core/Container.php(301): ReflectionClass->newInstanceArgs(Array)
#2 /var/www/app/Core/Container.php(181): App\Core\Container->make('App\\Services\\Ap...')
#3 /var/www/app/Core/Container.php(117): App\Core\Container->get('App\\Services\\Ap...')
#4 /var/www/app/Core/Container.php(290): App\Core\Container->resolveParameter(Object(ReflectionParameter), Array)
#5 /var/www/app/Core/Container.php(181): App\Core\Container->make('App\\Http\\Contro...')
#6 /var/www/app/Routing/Router.php(447): App\Core\Container->get('App\\Http\\Contro...')
#7 /var/www/app/Routing/Router.php(544): App\Routing\Router->runRoute(Object(App\Routing\Route), Array, Object(App\Http\Request))
#8 /var/www/app/Core/Kernel.php(27): App\Routing\Router->dispatch(Object(App\Http\Request))
#9 /var/www/public/index.php(44): App\Core\Kernel->handle(Object(App\Http\Request))
#10 {main}
[2026-09-23 01:17:59] UNCAUGHT EXCEPTION: App\Services\Api\UserService::register(): Argument #4 ($contact) must be of type int, string given, called in /var/www/app/Http/Controllers/Api/UserController.php on line 34 in /var/www/app/Services/Api/UserService.php on line 35
#0 /var/www/app/Http/Controllers/Api/UserController.php(34): App\Services\Api\UserService->register('Chukwuebuka', 'Okeke', 'chukwuebukaokek...', '09026928911', 'Nigeria', '@austin09K', 'Customer', '+234', 'NG', 'NGN', 'Not Specified', 'System', Array)
#1 [internal function]: App\Http\Controllers\Api\UserController->register(Object(App\Http\Request))
#2 /var/www/app/Core/Container.php(364): ReflectionMethod->invokeArgs(Object(App\Http\Controllers\Api\UserController), Array)
#3 /var/www/app/Routing/Router.php(473): App\Core\Container->call(Array, Array)
#4 /var/www/app/Http/Middlewares/ValidationMiddleware.php(45): App\Routing\Router->App\Routing\{closure}(Object(App\Http\Request))
#5 [internal function]: App\Http\Middlewares\ValidationMiddleware->handle(Object(App\Http\Request), Object(Closure), Array)
#6 /var/www/app/Core/Container.php(364): ReflectionMethod->invokeArgs(Object(App\Http\Middlewares\ValidationMiddleware), Array)
#7 /var/www/app/Routing/Router.php(509): App\Core\Container->call(Array, Array)
#8 /var/www/app/Http/Middlewares/RateLimitMiddleware.php(80): App\Routing\Router->App\Routing\{closure}(Object(App\Http\Request))
#9 [internal function]: App\Http\Middlewares\RateLimitMiddleware->handle(Object(App\Http\Request), Object(Closure), Array)
#10 /var/www/app/Core/Container.php(364): ReflectionMethod->invokeArgs(Object(App\Http\Middlewares\RateLimitMiddleware), Array)
#11 /var/www/app/Routing/Router.php(509): App\Core\Container->call(Array, Array)
#12 /var/www/app/Routing/Router.php(520): App\Routing\Router->App\Routing\{closure}(Object(App\Http\Request))
#13 /var/www/app/Routing/Router.php(544): App\Routing\Router->runRoute(Object(App\Routing\Route), Array, Object(App\Http\Request))
#14 /var/www/app/Core/Kernel.php(27): App\Routing\Router->dispatch(Object(App\Http\Request))
#15 /var/www/public/index.php(44): App\Core\Kernel->handle(Object(App\Http\Request))
#16 {main}
[2026-09-23 01:23:18] UNCAUGHT EXCEPTION: App\Services\Api\UserService::register(): Argument #13 ($file) must be of type ?string, array given, called in /var/www/app/Http/Controllers/Api/UserController.php on line 34 in /var/www/app/Services/Api/UserService.php on line 35
#0 /var/www/app/Http/Controllers/Api/UserController.php(34): App\Services\Api\UserService->register('Chukwuebuka', 'Okeke', 'chukwuebukaokek...', 9026928911, 'Nigeria', '@austin09K', 'Customer', '+234', 'NG', 'NGN', 'Not Specified', 'System', Array)
#1 [internal function]: App\Http\Controllers\Api\UserController->register(Object(App\Http\Request))
#2 /var/www/app/Core/Container.php(364): ReflectionMethod->invokeArgs(Object(App\Http\Controllers\Api\UserController), Array)
#3 /var/www/app/Routing/Router.php(473): App\Core\Container->call(Array, Array)
#4 /var/www/app/Http/Middlewares/ValidationMiddleware.php(45): App\Routing\Router->App\Routing\{closure}(Object(App\Http\Request))
#5 [internal function]: App\Http\Middlewares\ValidationMiddleware->handle(Object(App\Http\Request), Object(Closure), Array)
#6 /var/www/app/Core/Container.php(364): ReflectionMethod->invokeArgs(Object(App\Http\Middlewares\ValidationMiddleware), Array)
#7 /var/www/app/Routing/Router.php(509): App\Core\Container->call(Array, Array)
#8 /var/www/app/Http/Middlewares/RateLimitMiddleware.php(80): App\Routing\Router->App\Routing\{closure}(Object(App\Http\Request))
#9 [internal function]: App\Http\Middlewares\RateLimitMiddleware->handle(Object(App\Http\Request), Object(Closure), Array)
#10 /var/www/app/Core/Container.php(364): ReflectionMethod->invokeArgs(Object(App\Http\Middlewares\RateLimitMiddleware), Array)
#11 /var/www/app/Routing/Router.php(509): App\Core\Container->call(Array, Array)
#12 /var/www/app/Routing/Router.php(520): App\Routing\Router->App\Routing\{closure}(Object(App\Http\Request))
#13 /var/www/app/Routing/Router.php(544): App\Routing\Router->runRoute(Object(App\Routing\Route), Array, Object(App\Http\Request))
#14 /var/www/app/Core/Kernel.php(27): App\Routing\Router->dispatch(Object(App\Http\Request))
#15 /var/www/public/index.php(44): App\Core\Kernel->handle(Object(App\Http\Request))
#16 {main}
[2026-09-23 01:24:55] UNCAUGHT EXCEPTION: Too few arguments to function App\Services\Api\UserService::register(), 13 passed in /var/www/app/Http/Controllers/Api/UserController.php on line 34 and exactly 14 expected in /var/www/app/Services/Api/UserService.php on line 35
#0 /var/www/app/Http/Controllers/Api/UserController.php(34): App\Services\Api\UserService->register('Chukwuebuka', 'Okeke', 'chukwuebukaokek...', 9026928911, 'Nigeria', '@austin09K', 'Customer', '+234', 'NG', 'NGN', 'Not Specified', 'System', 'None')
#1 [internal function]: App\Http\Controllers\Api\UserController->register(Object(App\Http\Request))
#2 /var/www/app/Core/Container.php(364): ReflectionMethod->invokeArgs(Object(App\Http\Controllers\Api\UserController), Array)
#3 /var/www/app/Routing/Router.php(473): App\Core\Container->call(Array, Array)
#4 /var/www/app/Http/Middlewares/ValidationMiddleware.php(45): App\Routing\Router->App\Routing\{closure}(Object(App\Http\Request))
#5 [internal function]: App\Http\Middlewares\ValidationMiddleware->handle(Object(App\Http\Request), Object(Closure), Array)
#6 /var/www/app/Core/Container.php(364): ReflectionMethod->invokeArgs(Object(App\Http\Middlewares\ValidationMiddleware), Array)
#7 /var/www/app/Routing/Router.php(509): App\Core\Container->call(Array, Array)
#8 /var/www/app/Http/Middlewares/RateLimitMiddleware.php(80): App\Routing\Router->App\Routing\{closure}(Object(App\Http\Request))
#9 [internal function]: App\Http\Middlewares\RateLimitMiddleware->handle(Object(App\Http\Request), Object(Closure), Array)
#10 /var/www/app/Core/Container.php(364): ReflectionMethod->invokeArgs(Object(App\Http\Middlewares\RateLimitMiddleware), Array)
#11 /var/www/app/Routing/Router.php(509): App\Core\Container->call(Array, Array)
#12 /var/www/app/Routing/Router.php(520): App\Routing\Router->App\Routing\{closure}(Object(App\Http\Request))
#13 /var/www/app/Routing/Router.php(544): App\Routing\Router->runRoute(Object(App\Routing\Route), Array, Object(App\Http\Request))
#14 /var/www/app/Core/Kernel.php(27): App\Routing\Router->dispatch(Object(App\Http\Request))
#15 /var/www/public/index.php(44): App\Core\Kernel->handle(Object(App\Http\Request))
#16 {main}
[2026-09-23 01:30:10] UNCAUGHT EXCEPTION: ltrim(): Argument #1 ($string) must be of type string, int given in /var/www/app/Services/Api/UserService.php on line 79
#0 /var/www/app/Services/Api/UserService.php(79): ltrim(9026928911, 0)
#1 /var/www/app/Http/Controllers/Api/UserController.php(34): App\Services\Api\UserService->register('Chukwuebuka', 'Okeke', 'chukwuebukaokek...', 9026928911, 'Nigeria', '@austin09K', 'Customer', '+234', 'NG', 'NGN', 'Not Specified', 'System', 'None')
#2 [internal function]: App\Http\Controllers\Api\UserController->register(Object(App\Http\Request))
#3 /var/www/app/Core/Container.php(364): ReflectionMethod->invokeArgs(Object(App\Http\Controllers\Api\UserController), Array)
#4 /var/www/app/Routing/Router.php(473): App\Core\Container->call(Array, Array)
#5 /var/www/app/Http/Middlewares/ValidationMiddleware.php(45): App\Routing\Router->App\Routing\{closure}(Object(App\Http\Request))
#6 [internal function]: App\Http\Middlewares\ValidationMiddleware->handle(Object(App\Http\Request), Object(Closure), Array)
#7 /var/www/app/Core/Container.php(364): ReflectionMethod->invokeArgs(Object(App\Http\Middlewares\ValidationMiddleware), Array)
#8 /var/www/app/Routing/Router.php(509): App\Core\Container->call(Array, Array)
#9 /var/www/app/Http/Middlewares/RateLimitMiddleware.php(80): App\Routing\Router->App\Routing\{closure}(Object(App\Http\Request))
#10 [internal function]: App\Http\Middlewares\RateLimitMiddleware->handle(Object(App\Http\Request), Object(Closure), Array)
#11 /var/www/app/Core/Container.php(364): ReflectionMethod->invokeArgs(Object(App\Http\Middlewares\RateLimitMiddleware), Array)
#12 /var/www/app/Routing/Router.php(509): App\Core\Container->call(Array, Array)
#13 /var/www/app/Routing/Router.php(520): App\Routing\Router->App\Routing\{closure}(Object(App\Http\Request))
#14 /var/www/app/Routing/Router.php(544): App\Routing\Router->runRoute(Object(App\Routing\Route), Array, Object(App\Http\Request))
#15 /var/www/app/Core/Kernel.php(27): App\Routing\Router->dispatch(Object(App\Http\Request))
#16 /var/www/public/index.php(44): App\Core\Kernel->handle(Object(App\Http\Request))
#17 {main}
[2026-09-23 01:31:23] UNCAUGHT EXCEPTION: Call to protected method App\Database\Database::beginTransaction() from scope App\Services\Api\UserService in /var/www/app/Services/Api/UserService.php on line 89
#0 /var/www/app/Http/Controllers/Api/UserController.php(34): App\Services\Api\UserService->register('Chukwuebuka', 'Okeke', 'chukwuebukaokek...', '+2349026928911', 'Nigeria', '$2y$10$H2Xg7Sxv...', 'Customer', '+234', 'NG', 'NGN', 'Not Specified', 'System', 'None')
#1 [internal function]: App\Http\Controllers\Api\UserController->register(Object(App\Http\Request))
#2 /var/www/app/Core/Container.php(364): ReflectionMethod->invokeArgs(Object(App\Http\Controllers\Api\UserController), Array)
#3 /var/www/app/Routing/Router.php(473): App\Core\Container->call(Array, Array)
#4 /var/www/app/Http/Middlewares/ValidationMiddleware.php(45): App\Routing\Router->App\Routing\{closure}(Object(App\Http\Request))
#5 [internal function]: App\Http\Middlewares\ValidationMiddleware->handle(Object(App\Http\Request), Object(Closure), Array)
#6 /var/www/app/Core/Container.php(364): ReflectionMethod->invokeArgs(Object(App\Http\Middlewares\ValidationMiddleware), Array)
#7 /var/www/app/Routing/Router.php(509): App\Core\Container->call(Array, Array)
#8 /var/www/app/Http/Middlewares/RateLimitMiddleware.php(80): App\Routing\Router->App\Routing\{closure}(Object(App\Http\Request))
#9 [internal function]: App\Http\Middlewares\RateLimitMiddleware->handle(Object(App\Http\Request), Object(Closure), Array)
#10 /var/www/app/Core/Container.php(364): ReflectionMethod->invokeArgs(Object(App\Http\Middlewares\RateLimitMiddleware), Array)
#11 /var/www/app/Routing/Router.php(509): App\Core\Container->call(Array, Array)
#12 /var/www/app/Routing/Router.php(520): App\Routing\Router->App\Routing\{closure}(Object(App\Http\Request))
#13 /var/www/app/Routing/Router.php(544): App\Routing\Router->runRoute(Object(App\Routing\Route), Array, Object(App\Http\Request))
#14 /var/www/app/Core/Kernel.php(27): App\Routing\Router->dispatch(Object(App\Http\Request))
#15 /var/www/public/index.php(44): App\Core\Kernel->handle(Object(App\Http\Request))
#16 {main}
[2026-09-23 01:50:04] UNCAUGHT EXCEPTION: SQLSTATE[HY000]: General error: 1364 Field 'notification_date' doesn't have a default value in /var/www/app/Database/QueryBuilder.php on line 382
#0 /var/www/app/Database/QueryBuilder.php(382): PDOStatement->execute(Array)
#1 /var/www/app/Models/Notification.php(18): App\Database\QueryBuilder->insert(Array)
#2 /var/www/app/Listeners/User/CreateAdminRegistrationNotification.php(34): App\Models\Notification->create('\r\n            H...', 'New Registratio...', 1)
#3 [internal function]: App\Listeners\User\CreateAdminRegistrationNotification->handle(Object(App\Events\User\UserRegistered))
#4 /var/www/app/Core/Container.php(364): ReflectionMethod->invokeArgs(Object(App\Listeners\User\CreateAdminRegistrationNotification), Array)
#5 /var/www/app/Events/EventDispatcher.php(50): App\Core\Container->call(Array, Array)
#6 /var/www/app/Services/Api/UserService.php(233): App\Events\EventDispatcher->dispatch(Object(App\Events\User\UserRegistered))
#7 /var/www/app/Http/Controllers/Api/UserController.php(34): App\Services\Api\UserService->register('Chukwuebuka', 'Okeke', 'chukwuebukaokek...', '+2349026928911', 'Nigeria', '$2y$10$GTNhsTk8...', 'Customer', '+234', 'NG', 'NGN', 'Not Specified', 'System', 'None')
#8 [internal function]: App\Http\Controllers\Api\UserController->register(Object(App\Http\Request))
#9 /var/www/app/Core/Container.php(364): ReflectionMethod->invokeArgs(Object(App\Http\Controllers\Api\UserController), Array)
#10 /var/www/app/Routing/Router.php(473): App\Core\Container->call(Array, Array)
#11 /var/www/app/Http/Middlewares/ValidationMiddleware.php(45): App\Routing\Router->App\Routing\{closure}(Object(App\Http\Request))
#12 [internal function]: App\Http\Middlewares\ValidationMiddleware->handle(Object(App\Http\Request), Object(Closure), Array)
#13 /var/www/app/Core/Container.php(364): ReflectionMethod->invokeArgs(Object(App\Http\Middlewares\ValidationMiddleware), Array)
#14 /var/www/app/Routing/Router.php(509): App\Core\Container->call(Array, Array)
#15 /var/www/app/Http/Middlewares/RateLimitMiddleware.php(80): App\Routing\Router->App\Routing\{closure}(Object(App\Http\Request))
#16 [internal function]: App\Http\Middlewares\RateLimitMiddleware->handle(Object(App\Http\Request), Object(Closure), Array)
#17 /var/www/app/Core/Container.php(364): ReflectionMethod->invokeArgs(Object(App\Http\Middlewares\RateLimitMiddleware), Array)
#18 /var/www/app/Routing/Router.php(509): App\Core\Container->call(Array, Array)
#19 /var/www/app/Routing/Router.php(520): App\Routing\Router->App\Routing\{closure}(Object(App\Http\Request))
#20 /var/www/app/Routing/Router.php(544): App\Routing\Router->runRoute(Object(App\Routing\Route), Array, Object(App\Http\Request))
#21 /var/www/app/Core/Kernel.php(27): App\Routing\Router->dispatch(Object(App\Http\Request))
#22 /var/www/public/index.php(44): App\Core\Kernel->handle(Object(App\Http\Request))
#23 {main}
[2026-09-23 02:02:36] UNCAUGHT EXCEPTION: App\Exceptions\ValidationException::__construct(): Argument #1 ($message) must be of type string, array given, called in /var/www/app/Validations/Validator.php on line 84 in /var/www/app/Exceptions/ValidationException.php on line 14
#0 /var/www/app/Validations/Validator.php(84): App\Exceptions\ValidationException->__construct(Array)
#1 /var/www/app/Http/Middlewares/ValidationMiddleware.php(39): App\Validations\Validator->validate(Array, Array)
#2 [internal function]: App\Http\Middlewares\ValidationMiddleware->handle(Object(App\Http\Request), Object(Closure), Array)
#3 /var/www/app/Core/Container.php(364): ReflectionMethod->invokeArgs(Object(App\Http\Middlewares\ValidationMiddleware), Array)
#4 /var/www/app/Routing/Router.php(509): App\Core\Container->call(Array, Array)
#5 /var/www/app/Http/Middlewares/RateLimitMiddleware.php(80): App\Routing\Router->App\Routing\{closure}(Object(App\Http\Request))
#6 [internal function]: App\Http\Middlewares\RateLimitMiddleware->handle(Object(App\Http\Request), Object(Closure), Array)
#7 /var/www/app/Core/Container.php(364): ReflectionMethod->invokeArgs(Object(App\Http\Middlewares\RateLimitMiddleware), Array)
#8 /var/www/app/Routing/Router.php(509): App\Core\Container->call(Array, Array)
#9 /var/www/app/Routing/Router.php(520): App\Routing\Router->App\Routing\{closure}(Object(App\Http\Request))
#10 /var/www/app/Routing/Router.php(544): App\Routing\Router->runRoute(Object(App\Routing\Route), Array, Object(App\Http\Request))
#11 /var/www/app/Core/Kernel.php(27): App\Routing\Router->dispatch(Object(App\Http\Request))
#12 /var/www/public/index.php(44): App\Core\Kernel->handle(Object(App\Http\Request))
#13 {main}
[2026-09-23 02:04:57] UNCAUGHT EXCEPTION: Validation failed for this request in /var/www/app/Validations/Validator.php on line 84
#0 /var/www/app/Http/Middlewares/ValidationMiddleware.php(39): App\Validations\Validator->validate(Array, Array)
#1 [internal function]: App\Http\Middlewares\ValidationMiddleware->handle(Object(App\Http\Request), Object(Closure), Array)
#2 /var/www/app/Core/Container.php(364): ReflectionMethod->invokeArgs(Object(App\Http\Middlewares\ValidationMiddleware), Array)
#3 /var/www/app/Routing/Router.php(509): App\Core\Container->call(Array, Array)
#4 /var/www/app/Http/Middlewares/RateLimitMiddleware.php(80): App\Routing\Router->App\Routing\{closure}(Object(App\Http\Request))
#5 [internal function]: App\Http\Middlewares\RateLimitMiddleware->handle(Object(App\Http\Request), Object(Closure), Array)
#6 /var/www/app/Core/Container.php(364): ReflectionMethod->invokeArgs(Object(App\Http\Middlewares\RateLimitMiddleware), Array)
#7 /var/www/app/Routing/Router.php(509): App\Core\Container->call(Array, Array)
#8 /var/www/app/Routing/Router.php(520): App\Routing\Router->App\Routing\{closure}(Object(App\Http\Request))
#9 /var/www/app/Routing/Router.php(544): App\Routing\Router->runRoute(Object(App\Routing\Route), Array, Object(App\Http\Request))
#10 /var/www/app/Core/Kernel.php(27): App\Routing\Router->dispatch(Object(App\Http\Request))
#11 /var/www/public/index.php(44): App\Core\Kernel->handle(Object(App\Http\Request))
#12 {main}
[2026-09-23 02:09:13] UNCAUGHT EXCEPTION: Validation failed for this request in /var/www/app/Validations/Validator.php on line 84
#0 /var/www/app/Http/Middlewares/ValidationMiddleware.php(39): App\Validations\Validator->validate(Array, Array)
#1 [internal function]: App\Http\Middlewares\ValidationMiddleware->handle(Object(App\Http\Request), Object(Closure), Array)
#2 /var/www/app/Core/Container.php(364): ReflectionMethod->invokeArgs(Object(App\Http\Middlewares\ValidationMiddleware), Array)
#3 /var/www/app/Routing/Router.php(509): App\Core\Container->call(Array, Array)
#4 /var/www/app/Http/Middlewares/RateLimitMiddleware.php(80): App\Routing\Router->App\Routing\{closure}(Object(App\Http\Request))
#5 [internal function]: App\Http\Middlewares\RateLimitMiddleware->handle(Object(App\Http\Request), Object(Closure), Array)
#6 /var/www/app/Core/Container.php(364): ReflectionMethod->invokeArgs(Object(App\Http\Middlewares\RateLimitMiddleware), Array)
#7 /var/www/app/Routing/Router.php(509): App\Core\Container->call(Array, Array)
#8 /var/www/app/Routing/Router.php(520): App\Routing\Router->App\Routing\{closure}(Object(App\Http\Request))
#9 /var/www/app/Routing/Router.php(544): App\Routing\Router->runRoute(Object(App\Routing\Route), Array, Object(App\Http\Request))
#10 /var/www/app/Core/Kernel.php(27): App\Routing\Router->dispatch(Object(App\Http\Request))
#11 /var/www/public/index.php(44): App\Core\Kernel->handle(Object(App\Http\Request))
#12 {main}
[2026-09-23 02:17:34] PHP ERROR [2]: file_put_contents(/storage/framework/cache/fcm-token-cache.json): Failed to open stream: No such file or directory in /var/www/app/Notification/PushManager.php on line 118
[23-Sep-2026 02:17:35 UTC] PHP Warning:  file_put_contents(/storage/framework/cache/fcm-token-cache.json): Failed to open stream: No such file or directory in /var/www/app/Notification/PushManager.php on line 118
[2026-09-23 02:17:36] PHP ERROR [2]: file_put_contents(/storage/framework/cache/fcm-token-cache.json): Failed to open stream: No such file or directory in /var/www/app/Notification/PushManager.php on line 118
[23-Sep-2026 02:17:36 UTC] PHP Warning:  file_put_contents(/storage/framework/cache/fcm-token-cache.json): Failed to open stream: No such file or directory in /var/www/app/Notification/PushManager.php on line 118
[2026-09-23 02:17:37] PHP ERROR [2]: file_put_contents(/storage/framework/cache/fcm-token-cache.json): Failed to open stream: No such file or directory in /var/www/app/Notification/PushManager.php on line 118
[23-Sep-2026 02:17:37 UTC] PHP Warning:  file_put_contents(/storage/framework/cache/fcm-token-cache.json): Failed to open stream: No such file or directory in /var/www/app/Notification/PushManager.php on line 118
