[2026-08-19 21:01:20] Route not found: /assets/css/admin/adminlte.min.css.map
[2026-08-19 21:01:21] Route not found: /assets/js/admin/adminlte.min.js.map
[2026-08-19 21:17:39] Route not found: /assets/css/admin/adminlte.min.css.map
[2026-08-19 21:17:39] Route not found: /assets/js/admin/adminlte.min.js.map
[2026-08-19 21:20:44] Route not found: /assets/css/admin/adminlte.min.css.map
[2026-08-19 21:20:44] Route not found: /assets/js/admin/adminlte.min.js.map
[2026-08-19 21:24:56] Route not found: /assets/css/admin/adminlte.min.css.map
[2026-08-19 21:24:56] Route not found: /assets/js/admin/adminlte.min.js.map
[2026-08-19 21:29:43] Route not found: /assets/css/admin/adminlte.min.css.map
[2026-08-19 21:29:43] Route not found: /assets/js/admin/adminlte.min.js.map
[2026-08-19 21:46:02] Route not found: /assets/css/admin/adminlte.min.css.map
[2026-08-19 21:46:02] Route not found: /assets/js/admin/adminlte.min.js.map
[2026-08-19 21:46:07] Route not found: /assets/js/bootstrap.bundle.min.js.map
[2026-08-19 21:46:07] Route not found: /assets/lib/lightbox/js/lightbox.min.map
[2026-08-19 21:46:07] Route not found: /assets/css/fonts/bootstrap-icons.woff2
[2026-08-19 21:46:08] Route not found: /assets/css/fonts/bootstrap-icons.woff
[2026-08-19 21:51:41] Route not found: /assets/css/fonts/bootstrap-icons.woff2
[2026-08-19 21:51:41] Route not found: /assets/js/bootstrap.bundle.min.js.map
[2026-08-19 21:51:41] Route not found: /assets/css/fonts/bootstrap-icons.woff
[2026-08-19 21:51:41] Route not found: /assets/lib/lightbox/js/lightbox.min.map
[2026-08-19 22:03:43] Route not found: /assets/css/fonts/bootstrap-icons.woff2
[2026-08-19 22:03:43] Route not found: /assets/lib/lightbox/js/lightbox.min.map
[2026-08-19 22:03:43] Route not found: /assets/js/bootstrap.bundle.min.js.map
[2026-08-19 22:03:43] Route not found: /assets/css/fonts/bootstrap-icons.woff
[2026-08-19 22:23:21] Route not found: /assets/css/fonts/bootstrap-icons.woff2
[2026-08-19 22:23:21] Route not found: /assets/css/fonts/bootstrap-icons.woff
[2026-08-19 22:23:21] Route not found: /assets/lib/lightbox/js/lightbox.min.map
[2026-08-19 22:23:21] Route not found: /assets/js/bootstrap.bundle.min.js.map
